{
  "Operation": "Add",
  "Skill1": {
    "Name": "Earplugs",
    "Points": 1
  },
  "Skill2": {
    "Name": "Free Meal",
    "Points": 1
  },
  "Slot1": "Level1",
  "Slot2": "Level1",
  "Slot3": "None",
  "TalismanStatus": "Unevaluated"
}
